Microchip MPLAB XC8 Compiler V3.00

Linker command line:

-W-3 \
  --edf=C:\Program Files\Microchip\xc8\v3.00\pic\dat\20241204225717_en.msgs \
  -cn -h+dist/default/production\Washing_machine.X.production.sym \
  --cmf=dist/default/production\Washing_machine.X.production.cmf -z \
  -Q16F877A -oC:\Users\user\AppData\Local\Temp\xcAsa48.\driver_tmp_3.o \
  --defsym=__MPLAB_BUILD=1 --fixupoverflow=error \
  -Mdist/default/production/Washing_machine.X.production.map \
  --md=C:\Users\user\AppData\Local\Temp\xcAsa48.\driver_tmp_0.dat -E1 \
  -ver=XC8 Compiler -ACODE=00h-07FFhx4 -ASTRCODE=00h-01FFFh \
  -ASTRING=00h-0FFhx32 -ACONST=00h-0FFhx32 -AENTRY=00h-0FFhx32 \
  -ACOMMON=070h-07Fh -ABANK0=020h-06Fh -ABANK1=0A0h-0EFh \
  -ABANK2=0110h-016Fh -ABANK3=0190h-01EFh \
  -ARAM=020h-06Fh,0A0h-0EFh,0110h-016Fh,0190h-01EFh \
  -AABS1=020h-07Fh,0A0h-0EFh,0110h-016Fh,0190h-01EFh -ASFR0=00h-01Fh \
  -ASFR1=080h-09Fh -ASFR2=0100h-010Fh -ASFR3=0180h-018Fh \
  -ACONFIG=02007h-02007h -DCONFIG=2 -AIDLOC=02000h-02003h -DIDLOC=2 \
  -AEEDATA=00h-0FFh/02100h -peeprom_data=EEDATA -DEEDATA=2 -DCODE=2 \
  -DSTRCODE=2 -DSTRING=2 -DCONST=2 -DENTRY=2 \
  -preset_vec=00h,intentry=04h,sivt,init,end_init -ppowerup=CODE \
  -pcinit=CODE -pfunctab=ENTRY -k \
  C:\Users\user\AppData\Local\Temp\xcAsa48.\driver_tmp_12.o \
  dist/default/production\Washing_machine.X.production.o 

Object code version is 3.11

Machine type is 16F877A



                Name                               Link     Load   Length Selector   Space Scale
C:\Users\user\AppData\Local\Temp\xcAsa48.\driver_tmp_12.o
                end_init                              C        C        3        8       0
                reset_vec                             0        0        3        0       0
                config                             2007     2007        1        0       4
dist/default/production\Washing_machine.X.production.o
                cinit                                 F        F       41        8       0
                intentry                              4        4        8        8       0
                config                             2007     2007        1        0       4
                text27                             1576     1576       4D     2AEC       0
                text26                             148F     148F       20     291E       0
                text25                             1613     1613       57     2C26       0
                text24                             144B     144B        B     2896       0
                text23                              801      801        6     1002       0
                text22                             1442     1442        9     2884       0
                text21                              7E5      7E5       1A        8       0
                text20                             1543     1543       33     2A86       0
                text19                             147A     147A       15     28F4       0
                text18                             1791     1791       6F     2F22       0
                text17                             15C3     15C3       50     2B86       0
                text16                             16C1     16C1       65     2D82       0
                text15                             166A     166A       57     2CD4       0
                text14                              8A6      8A6       A4     114C       0
                text13                             151A     151A       29     2A34       0
                text12                              42D      42D      342        8       0
                text11                              DA8      DA8      258     1B50       0
                text10                             14D1     14D1       24     29A2       0
                text9                               76F      76F       76        8       0
                text8                              14F5     14F5       25     29EA       0
                text7                               94A      94A       B6     1294       0
                text6                              1456     1456       11     28AC       0
                text5                              1726     1726       6B     2E4C       0
                text4                                50       50      3DD        8       0
                text3                               B03      B03      149     1606       0
                text2                               A00      A00      103     1400       0
                text1                               807      807       9F     100E       0
                maintext                            C4C      C4C      15C     1898       0
                cstackBANK0                          20       20       43       20       1
                cstackCOMMON                         70       70        9       70       1
                cstackBANK1                          CC       CC        7       A0       1
                inittext                           1467     1467       13     28CE       0
                dataBANK1                            A0       A0       22       A0       1
                bssBANK1                             C2       C2        A       A0       1
                dataBANK0                            6B       6B        2       20       1
                bssBANK0                             63       63        8       20       1
                dataCOMMON                           79       79        2       70       1
                bssCOMMON                            7B       7B        1       70       1
                stringtext                         1000     1000      172       20       0
                strings                            1172     1172       12     22E4       0
                idataBANK1                         14AF     14AF       22     295E       0
                idataBANK0                         143E     143E        2     287C       0
                idataCOMMON                        1440     1440        2     2880       0

TOTAL           Name                               Link     Load   Length     Space
        CLASS   CODE           
                end_init                              C        C        3         0
                cinit                                 F        F       41         0
                intentry                              4        4        8         0
                reset_vec                             0        0        3         0
                text27                             1576     1576       4D         0
                text26                             148F     148F       20         0
                text25                             1613     1613       57         0
                text24                             144B     144B        B         0
                text23                              801      801        6         0
                text22                             1442     1442        9         0
                text21                              7E5      7E5       1A         0
                text20                             1543     1543       33         0
                text19                             147A     147A       15         0
                text18                             1791     1791       6F         0
                text17                             15C3     15C3       50         0
                text16                             16C1     16C1       65         0
                text15                             166A     166A       57         0
                text14                              8A6      8A6       A4         0
                text13                             151A     151A       29         0
                text12                              42D      42D      342         0
                text11                              DA8      DA8      258         0
                text10                             14D1     14D1       24         0
                text9                               76F      76F       76         0
                text8                              14F5     14F5       25         0
                text7                               94A      94A       B6         0
                text6                              1456     1456       11         0
                text5                              1726     1726       6B         0
                text4                                50       50      3DD         0
                text3                               B03      B03      149         0
                text2                               A00      A00      103         0
                text1                               807      807       9F         0
                maintext                            C4C      C4C      15C         0
                inittext                           1467     1467       13         0
                idataBANK1                         14AF     14AF       22         0
                idataBANK0                         143E     143E        2         0
                idataCOMMON                        1440     1440        2         0

        CLASS   STRCODE        
                stringtext                         1000     1000      172         0

        CLASS   STRING         
                strings                            1172     1172       12         0

        CLASS   CONST          

        CLASS   ENTRY          

        CLASS   COMMON         
                cstackCOMMON                         70       70        9         1
                dataCOMMON                           79       79        2         1
                bssCOMMON                            7B       7B        1         1

        CLASS   BANK0          
                cstackBANK0                          20       20       43         1
                dataBANK0                            6B       6B        2         1
                bssBANK0                             63       63        8         1

        CLASS   BANK1          
                cstackBANK1                          CC       CC        7         1
                dataBANK1                            A0       A0       22         1
                bssBANK1                             C2       C2        A         1

        CLASS   BANK2          

        CLASS   BANK3          

        CLASS   RAM            

        CLASS   ABS1           
                abs_s1                               7E       7E        2         1

        CLASS   SFR0           

        CLASS   SFR1           

        CLASS   SFR2           

        CLASS   SFR3           

        CLASS   CONFIG         
                config                             2007     2007        1         4

        CLASS   IDLOC          

        CLASS   EEDATA         

        CLASS   HEAP           

        CLASS   STACK          



SEGMENTS        Name                           Load    Length   Top    Selector   Space  Class     Delta

                reset_vec                      000000  000003  000003         0       0  CODE        2
                intentry                       000004  0007FB  0007FF         8       0  CODE        2
                cstackBANK0                    000020  00004D  00006D        20       1  BANK0       1
                cstackCOMMON                   000070  00000C  00007C        70       1  COMMON      1
                dataBANK1                      0000A0  000033  0000D3        A0       1  BANK1       1
                text23                         000801  000006  000807      1002       0  CODE        2
                text1                          000807  00009F  0008A6      100E       0  CODE        2
                text14                         0008A6  0000A4  00094A      114C       0  CODE        2
                text7                          00094A  0000B6  000A00      1294       0  CODE        2
                text2                          000A00  000103  000B03      1400       0  CODE        2
                text3                          000B03  000149  000C4C      1606       0  CODE        2
                maintext                       000C4C  00015C  000DA8      1898       0  CODE        2
                text11                         000DA8  000258  001000      1B50       0  CODE        2
                stringtext                     001000  000172  001172        20       0  STRCODE     2
                strings                        001172  000012  001184      22E4       0  STRING      2
                idataBANK0                     00143E  000002  001440      287C       0  CODE        2
                idataCOMMON                    001440  000002  001442      2880       0  CODE        2
                text22                         001442  000009  00144B      2884       0  CODE        2
                text24                         00144B  00000B  001456      2896       0  CODE        2
                text6                          001456  000011  001467      28AC       0  CODE        2
                inittext                       001467  000013  00147A      28CE       0  CODE        2
                text19                         00147A  000015  00148F      28F4       0  CODE        2
                text26                         00148F  000020  0014AF      291E       0  CODE        2
                idataBANK1                     0014AF  000022  0014D1      295E       0  CODE        2
                text10                         0014D1  000024  0014F5      29A2       0  CODE        2
                text8                          0014F5  000025  00151A      29EA       0  CODE        2
                text13                         00151A  000029  001543      2A34       0  CODE        2
                text20                         001543  000033  001576      2A86       0  CODE        2
                text27                         001576  00004D  0015C3      2AEC       0  CODE        2
                text17                         0015C3  000050  001613      2B86       0  CODE        2
                text25                         001613  000057  00166A      2C26       0  CODE        2
                text15                         00166A  000057  0016C1      2CD4       0  CODE        2
                text16                         0016C1  000065  001726      2D82       0  CODE        2
                text5                          001726  00006B  001791      2E4C       0  CODE        2
                text18                         001791  00006F  001800      2F22       0  CODE        2


UNUSED ADDRESS RANGES

        Name                Unused          Largest block    Delta
        BANK0            006D-006F              3           1
        BANK1            00D3-00EF             1D           1
        BANK2            0110-016F             60           1
        BANK3            0190-01EF             60           1
        CODE             0003-0003              1           2
                         07FF-0800              1
                         1184-143D            2BA
                         1800-1FFF            800
        COMMON           007C-007D              2           1
        CONST            0003-0003              1           2
                         07FF-0800              1
                         1184-143D            100
                         1800-1FFF            100
        EEDATA           2100-21FF            100           2
        ENTRY            0003-0003              1           2
                         07FF-0800              1
                         1184-143D            100
                         1800-1FFF            100
        IDLOC            2000-2003              4           2
        RAM              006D-006F              3           1
                         00D3-00EF             1D
                         0110-016F             60
                         0190-01EF             60
        SFR0             0000-001F             20           1
        SFR1             0080-009F             20           1
        SFR2             0100-010F             10           1
        SFR3             0180-018F             10           1
        STRCODE          0003-0003              1           2
                         07FF-0800              2
                         1184-143D            2BA
                         1800-1FFF            800
        STRING           0003-0003              1           2
                         07FF-0800              1
                         1184-143D            100
                         1800-1FFF            100

                                  Symbol Table

?__Umul8_16                      cstackCOMMON 0072
?___awdiv                        cstackCOMMON 0072
?___awmod                        cstackCOMMON 0072
?___fladd                        cstackBANK0  0020
?___flmul                        cstackBANK0  002A
?___flsub                        cstackBANK0  0044
?___fltol                        cstackBANK0  0044
?___wmul                         cstackCOMMON 0072
?___xxtofl                       cstackCOMMON 0072
_GIE                             (abs)        005F
_PEIE                            (abs)        005E
_PORTB                           (abs)        0006
_PORTD                           (abs)        0008
_PR2                             (abs)        0092
_RB0                             (abs)        0030
_RC1                             (abs)        0039
_RC2                             (abs)        003A
_RE1                             (abs)        0049
_RE2                             (abs)        004A
_TMR2IE                          (abs)        0461
_TMR2IF                          (abs)        0061
_TMR2ON                          (abs)        0092
_TRISB                           (abs)        0086
_TRISC1                          (abs)        0439
_TRISC2                          (abs)        043A
_TRISD                           (abs)        0088
_TRISE1                          (abs)        0449
_TRISE2                          (abs)        044A
__H__absolute__                  __absolute__ 0000
__Habs1                          abs1         0000
__Hbank0                         bank0        0000
__Hbank1                         bank1        0000
__Hbank2                         bank2        0000
__Hbank3                         bank3        0000
__HbssBANK0                      bssBANK0     0000
__HbssBANK1                      bssBANK1     0000
__HbssCOMMON                     bssCOMMON    0000
__Hcinit                         cinit        0050
__Hclrtext                       clrtext      0000
__Hcode                          code         0000
__Hcommon                        common       0000
__Hconfig                        config       2008
__HcstackBANK0                   cstackBANK0  0000
__HcstackBANK1                   cstackBANK1  0000
__HcstackCOMMON                  cstackCOMMON 0000
__HdataBANK0                     dataBANK0    0000
__HdataBANK1                     dataBANK1    0000
__HdataCOMMON                    dataCOMMON   0000
__Heeprom_data                   eeprom_data  0000
__Hend_init                      end_init     000F
__Hfunctab                       functab      0000
__Hheap                          heap         0000
__HidataBANK0                    idataBANK0   0000
__HidataBANK1                    idataBANK1   0000
__HidataCOMMON                   idataCOMMON  0000
__Hinit                          init         000C
__Hinittext                      inittext     0000
__Hintentry                      intentry     000C
__Hmaintext                      maintext     0000
__Hpowerup                       powerup      0000
__Hram                           ram          0000
__Hreset_vec                     reset_vec    0003
__Hsfr0                          sfr0         0000
__Hsfr1                          sfr1         0000
__Hsfr2                          sfr2         0000
__Hsfr3                          sfr3         0000
__Hsivt                          sivt         000C
__Hspace_0                       (abs)        1800
__Hspace_1                       (abs)        00D3
__Hspace_2                       (abs)        0000
__Hspace_3                       (abs)        0000
__Hspace_4                       (abs)        400F
__Hstack                         stack        0000
__Hstrings                       strings      0000
__Hstringtext                    stringtext   0000
__Htext                          text         0000
__L__absolute__                  __absolute__ 0000
__Labs1                          abs1         0000
__Lbank0                         bank0        0000
__Lbank1                         bank1        0000
__Lbank2                         bank2        0000
__Lbank3                         bank3        0000
__LbssBANK0                      bssBANK0     0000
__LbssBANK1                      bssBANK1     0000
__LbssCOMMON                     bssCOMMON    0000
__Lcinit                         cinit        000F
__Lclrtext                       clrtext      0000
__Lcode                          code         0000
__Lcommon                        common       0000
__Lconfig                        config       0000
__LcstackBANK0                   cstackBANK0  0000
__LcstackBANK1                   cstackBANK1  0000
__LcstackCOMMON                  cstackCOMMON 0000
__LdataBANK0                     dataBANK0    0000
__LdataBANK1                     dataBANK1    0000
__LdataCOMMON                    dataCOMMON   0000
__Leeprom_data                   eeprom_data  0000
__Lend_init                      end_init     000C
__Lfunctab                       functab      0000
__Lheap                          heap         0000
__LidataBANK0                    idataBANK0   0000
__LidataBANK1                    idataBANK1   0000
__LidataCOMMON                   idataCOMMON  0000
__Linit                          init         000C
__Linittext                      inittext     0000
__Lintentry                      intentry     0004
__Lmaintext                      maintext     0000
__Lpowerup                       powerup      0000
__Lram                           ram          0000
__Lreset_vec                     reset_vec    0000
__Lsfr0                          sfr0         0000
__Lsfr1                          sfr1         0000
__Lsfr2                          sfr2         0000
__Lsfr3                          sfr3         0000
__Lsivt                          sivt         000C
__Lspace_0                       (abs)        0000
__Lspace_1                       (abs)        0000
__Lspace_2                       (abs)        0000
__Lspace_3                       (abs)        0000
__Lspace_4                       (abs)        0000
__Lstack                         stack        0000
__Lstrings                       strings      0000
__Lstringtext                    stringtext   0000
__Ltext                          text         0000
__S0                             (abs)        1800
__S1                             (abs)        00D3
__S3                             (abs)        0000
__Umul8_16                       text13       151A
__Umul8_16@multiplicand          cstackCOMMON 0072
__Umul8_16@multiplier            cstackBANK0  0024
__Umul8_16@product               cstackBANK0  0020
__Umul8_16@word_mpld             cstackBANK0  0022
___awdiv                         text16       16C1
___awdiv@counter                 cstackBANK0  0020
___awdiv@dividend                cstackCOMMON 0074
___awdiv@divisor                 cstackCOMMON 0072
___awdiv@quotient                cstackBANK0  0022
___awdiv@sign                    cstackBANK0  0021
___awmod                         text15       166A
___awmod@counter                 cstackCOMMON 0076
___awmod@dividend                cstackCOMMON 0074
___awmod@divisor                 cstackCOMMON 0072
___awmod@sign                    cstackCOMMON 0077
___fladd                         text11       0DA8
___fladd@a                       cstackBANK0  0024
___fladd@aexp                    cstackCOMMON 0073
___fladd@b                       cstackBANK0  0020
___fladd@bexp                    cstackCOMMON 0074
___fladd@grs                     cstackCOMMON 0075
___fladd@signs                   cstackCOMMON 0072
___flge                          text14       08A6
___flge@ff1                      cstackBANK0  004C
___flge@ff2                      cstackBANK0  0050
___flmul                         text12       042D
___flmul@a                       cstackBANK0  002E
___flmul@aexp                    cstackBANK0  0038
___flmul@b                       cstackBANK0  002A
___flmul@bexp                    cstackBANK0  003D
___flmul@grs                     cstackBANK0  0039
___flmul@prod                    cstackBANK0  003E
___flmul@sign                    cstackBANK0  0037
___flmul@temp                    cstackBANK0  0042
___flsub                         text10       14D1
___flsub@a                       cstackBANK0  0044
___flsub@b                       cstackBANK0  0048
___fltol                         text9        076F
___fltol@exp1                    cstackCOMMON 0077
___fltol@f1                      cstackBANK0  0044
___fltol@sign1                   cstackCOMMON 0076
___heap_hi                       (abs)        0000
___heap_lo                       (abs)        0000
___int_sp                        stack        0000
___int_stack_hi                  stack        0000
___int_stack_lo                  stack        0000
___latbits                       (abs)        0002
___sp                            stack        0000
___stack_hi                      stack        0000
___stack_lo                      stack        0000
___stackhi                       (abs)        0000
___stacklo                       (abs)        0000
___wmul                          text8        14F5
___wmul@multiplicand             cstackCOMMON 0074
___wmul@multiplier               cstackCOMMON 0072
___wmul@product                  cstackCOMMON 0076
___xxtofl                        text7        094A
___xxtofl@arg                    cstackBANK0  0026
___xxtofl@exp                    cstackBANK0  0025
___xxtofl@sign                   cstackBANK0  0024
___xxtofl@val                    cstackCOMMON 0072
__end_of__Umul8_16               text13       1543
__end_of___awdiv                 text16       1726
__end_of___awmod                 text15       16C1
__end_of___fladd                 text11       1000
__end_of___flge                  text14       094A
__end_of___flmul                 text12       076F
__end_of___flsub                 text10       14F5
__end_of___fltol                 text9        07E5
__end_of___wmul                  text8        151A
__end_of___xxtofl                text7        0A00
__end_of__initialization         cinit        004C
__end_of__stringtab              strings      1184
__end_of_clcd_print              text20       1576
__end_of_clcd_putch              text19       148F
__end_of_clcd_write              text26       14AF
__end_of_clear_screen            text6        1467
__end_of_door_status_check       text5        1791
__end_of_init_clcd               text24       1456
__end_of_init_config             text21       07FF
__end_of_init_digital_keypad     text23       0807
__end_of_init_display_controller text25       166A
__end_of_init_timer2             text22       144B
__end_of_isr                     text27       15C3
__end_of_main                    maintext     0DA8
__end_of_power_on_screen         text18       1800
__end_of_read_digital_keypad     text17       1613
__end_of_run_program             text4        042D
__end_of_set_time                text3        0C4C
__end_of_washing_program_display text2        0B03
__end_of_water_level_screen      text1        08A6
__initialization                 cinit        000F
__pbssBANK0                      bssBANK0     0063
__pbssBANK1                      bssBANK1     00C2
__pbssCOMMON                     bssCOMMON    007B
__pcstackBANK0                   cstackBANK0  0020
__pcstackBANK1                   cstackBANK1  00CC
__pcstackCOMMON                  cstackCOMMON 0070
__pdataBANK0                     dataBANK0    006B
__pdataBANK1                     dataBANK1    00A0
__pdataCOMMON                    dataCOMMON   0079
__pidataBANK0                    idataBANK0   143E
__pidataBANK1                    idataBANK1   14AF
__pidataCOMMON                   idataCOMMON  1440
__pintentry                      intentry     0004
__pmaintext                      maintext     0C4C
__pstrings                       strings      1172
__pstringtext                    stringtext   1000
__ptext1                         text1        0807
__ptext10                        text10       14D1
__ptext11                        text11       0DA8
__ptext12                        text12       042D
__ptext13                        text13       151A
__ptext14                        text14       08A6
__ptext15                        text15       166A
__ptext16                        text16       16C1
__ptext17                        text17       15C3
__ptext18                        text18       1791
__ptext19                        text19       147A
__ptext2                         text2        0A00
__ptext20                        text20       1543
__ptext21                        text21       07E5
__ptext22                        text22       1442
__ptext23                        text23       0801
__ptext24                        text24       144B
__ptext25                        text25       1613
__ptext26                        text26       148F
__ptext27                        text27       1576
__ptext3                         text3        0B03
__ptext4                         text4        0050
__ptext5                         text5        1726
__ptext6                         text6        1456
__ptext7                         text7        094A
__ptext8                         text8        14F5
__ptext9                         text9        076F
__stringbase                     strings      1184
__stringtab                      strings      1172
_clcd_print                      text20       1543
_clcd_putch                      text19       147A
_clcd_write                      text26       148F
_clear_screen                    text6        1456
_door_status_check               text5        1726
_init_clcd                       text24       144B
_init_config                     text21       07E5
_init_digital_keypad             text23       0801
_init_display_controller         text25       1613
_init_timer2                     text22       1442
_isr                             text27       1576
_level                           bssBANK0     0067
_main                            maintext     0C4C
_min                             bssBANK0     0069
_operational_mode                dataBANK0    006C
_power_on_screen                 text18       1791
_program_no                      bssBANK0     0068
_read_digital_keypad             text17       15C3
_reset_flag                      dataBANK0    006B
_rinse_time                      bssBANK1     00C8
_run_program                     text4        0050
_sec                             bssBANK0     006A
_set_time                        text3        0B03
_spin_time                       bssBANK1     00C6
_time                            bssBANK0     0063
_total_time                      bssBANK0     0065
_wash_time                       bssBANK1     00CA
_washing_program                 dataBANK1    00A0
_washing_program_display         text2        0A00
_water_level                     dataBANK1    00B8
_water_level_screen              text1        0807
btemp                            (abs)        007E
clcd_print@addr                  cstackBANK0  0022
clcd_print@str                   cstackBANK0  0020
clcd_putch@addr                  cstackCOMMON 0078
clcd_putch@data                  cstackBANK0  0024
clcd_write@byte                  cstackCOMMON 0075
clcd_write@mode                  cstackCOMMON 0072
end_of_initialization            cinit        004C
init_fetch0                      inittext     1467
init_ram0                        inittext     146B
interrupt_function               intentry     0004
intlevel0                        functab      0000
intlevel1                        functab      0000
intlevel2                        functab      0000
intlevel3                        functab      0000
intlevel4                        functab      0000
intlevel5                        functab      0000
isr@count                        bssBANK1     00C2
main@delay                       cstackBANK1  00CC
main@delay_93                    cstackBANK1  00D0
main@key                         cstackBANK1  00D2
power_on_screen@i                cstackBANK0  0028
power_on_screen@i_193            cstackBANK0  0029
read_digital_keypad@key          cstackCOMMON 0072
read_digital_keypad@long_press   dataCOMMON   0079
read_digital_keypad@once         dataCOMMON   007A
read_digital_keypad@pre_key      bssCOMMON    007B
reset_vec                        reset_vec    0000
run_program@key                  cstackBANK0  005E
saved_w                          (abs)        007E
start                            init         000C
start_initialization             cinit        000F
washing_program_display@key      cstackBANK0  0027
water_level_screen@key           cstackBANK0  0027
wtemp0                           (abs)        007E


MODULE INFORMATION

Module		Function		Class		Link	Load	Size
C:\Program Files\Microchip\xc8\v3.00\pic\sources\c99\common\flge.c
		___flge        		CODE           	08A6	0000	164

C:\Program Files\Microchip\xc8\v3.00\pic\sources\c99\common\flge.c estimated size: 164

timers.c
		_init_timer2   		CODE           	1442	0000	9

timers.c estimated size: 9

digital_keypad.c
		_init_digital_keypad		CODE           	0801	0000	6
		_read_digital_keypad		CODE           	15C3	0000	80

digital_keypad.c estimated size: 86

C:\Program Files\Microchip\xc8\v3.00\pic\sources\c99\common\Umul16.c
		___wmul        		CODE           	14F5	0000	37

C:\Program Files\Microchip\xc8\v3.00\pic\sources\c99\common\Umul16.c estimated size: 37

C:\Program Files\Microchip\xc8\v3.00\pic\sources\c99\common\awmod.c
		___awmod       		CODE           	166A	0000	87

C:\Program Files\Microchip\xc8\v3.00\pic\sources\c99\common\awmod.c estimated size: 87

C:\Program Files\Microchip\xc8\v3.00\pic\sources\c99\common\sprcmul.c
		___flmul       		CODE           	042D	0000	834

C:\Program Files\Microchip\xc8\v3.00\pic\sources\c99\common\sprcmul.c estimated size: 834

washing_machine_function_def.c
		_door_status_check		CODE           	1726	0000	107
		_washing_program_display		CODE           	0A00	0000	259
		_water_level_screen		CODE           	0807	0000	159
		_run_program   		CODE           	0050	0000	989
		_clear_screen  		CODE           	1456	0000	17
		_power_on_screen		CODE           	1791	0000	111
		_set_time      		CODE           	0B03	0000	329

washing_machine_function_def.c estimated size: 1971

isr.c
		_isr           		CODE           	1576	0000	77

isr.c estimated size: 77

shared
		__stringtab    		STRING         	1172	0000	18
		__initialization		CODE           	000F	0000	61

shared estimated size: 79

clcd.c
		_clcd_write    		CODE           	148F	0000	32
		_clcd_print    		CODE           	1543	0000	51
		_clcd_putch    		CODE           	147A	0000	21
		_init_display_controller		CODE           	1613	0000	87
		_init_clcd     		CODE           	144B	0000	11

clcd.c estimated size: 202

C:\Program Files\Microchip\xc8\v3.00\pic\sources\c99\common\xxtofl.c
		___xxtofl      		CODE           	094A	0000	182

C:\Program Files\Microchip\xc8\v3.00\pic\sources\c99\common\xxtofl.c estimated size: 182

C:\Program Files\Microchip\xc8\v3.00\pic\sources\c99\common\awdiv.c
		___awdiv       		CODE           	16C1	0000	101

C:\Program Files\Microchip\xc8\v3.00\pic\sources\c99\common\awdiv.c estimated size: 101

C:\Program Files\Microchip\xc8\v3.00\pic\sources\c99\common\fltol.c
		___fltol       		CODE           	076F	0000	118

C:\Program Files\Microchip\xc8\v3.00\pic\sources\c99\common\fltol.c estimated size: 118

main.c
		_main          		CODE           	0C4C	0000	348
		_init_config   		CODE           	07E5	0000	26

main.c estimated size: 374

C:\Program Files\Microchip\xc8\v3.00\pic\sources\c99\common\sprcadd.c
		___flsub       		CODE           	14D1	0000	36
		___fladd       		CODE           	0DA8	0000	600

C:\Program Files\Microchip\xc8\v3.00\pic\sources\c99\common\sprcadd.c estimated size: 636

C:\Program Files\Microchip\xc8\v3.00\pic\sources\c99\common\Umul8_16.c
		__Umul8_16     		CODE           	151A	0000	41

C:\Program Files\Microchip\xc8\v3.00\pic\sources\c99\common\Umul8_16.c estimated size: 41

